node.exe : (node:27204) 
[DEP0176] 
DeprecationWarning: fs.F_OK 
is deprecated, use 
fs.constants.F_OK instead
At line:1 char:1
+ & "C:\Program 
Files\nodejs/node.exe" 
"C:\Program 
Files\nodejs/node_mo ...
+ ~~~~~~~~~~~~~~~~~~~~~~~~~~~
~~~~~~~~~~~~~~~~~~~~~~~~~~~~~
~~~~~~~~~~~~~
    + CategoryInfo           
   : NotSpecified: ((node:2  
  7204) [D...ts.F_OK inste   
 ad:String) [], RemoteExc    
eption
    + FullyQualifiedErrorId  
   : NativeCommandError
 
(Use `node 
--trace-deprecation ...` to 
show where the warning was 
created)
